---
source: crates/service/tests/diagnostics/unreachable.rs
expression: response
---
{
  "kind": "full",
  "items": [
    {
      "range": {
        "start": {
          "line": 8,
          "character": 6
        },
        "end": {
          "line": 9,
          "character": 9
        }
      },
      "severity": 2,
      "code": "unreachable",
      "source": "wat",
      "message": "unreachable code",
      "tags": [
        1
      ]
    },
    {
      "range": {
        "start": {
          "line": 4,
          "character": 5
        },
        "end": {
          "line": 4,
          "character": 12
        }
      },
      "severity": 2,
      "code": "unreachable",
      "source": "wat",
      "message": "unreachable code",
      "tags": [
        1
      ]
    }
  ]
}
