---
source: crates/service/tests/diagnostics/typeck.rs
expression: response
---
{
  "kind": "full",
  "items": [
    {
      "range": {
        "start": {
          "line": 5,
          "character": 6
        },
        "end": {
          "line": 5,
          "character": 17
        }
      },
      "severity": 1,
      "code": "type-check",
      "source": "wat",
      "message": "expected types [i32, i32], found [i32] at the end"
    },
    {
      "range": {
        "start": {
          "line": 8,
          "character": 7
        },
        "end": {
          "line": 8,
          "character": 8
        }
      },
      "severity": 1,
      "code": "type-check",
      "source": "wat",
      "message": "expected types [i32, i32], found [i32, i32, i32] at the end"
    },
    {
      "range": {
        "start": {
          "line": 13,
          "character": 6
        },
        "end": {
          "line": 13,
          "character": 17
        }
      },
      "severity": 1,
      "code": "type-check",
      "source": "wat",
      "message": "expected types [i32, i32], found [i32, f32] at the end",
      "relatedInformation": [
        {
          "location": {
            "uri": "untitled:test",
            "range": {
              "start": {
                "line": 13,
                "character": 6
              },
              "end": {
                "line": 13,
                "character": 17
              }
            }
          },
          "message": "expected type `i32`, found `f32`"
        }
      ]
    },
    {
      "range": {
        "start": {
          "line": 16,
          "character": 7
        },
        "end": {
          "line": 16,
          "character": 8
        }
      },
      "severity": 1,
      "code": "type-check",
      "source": "wat",
      "message": "expected types [i32, i32], found [i32, i32, i32] at the end"
    },
    {
      "range": {
        "start": {
          "line": 22,
          "character": 6
        },
        "end": {
          "line": 22,
          "character": 17
        }
      },
      "severity": 1,
      "code": "type-check",
      "source": "wat",
      "message": "expected types [i32, i32], found [i32, i32, i32] at the end"
    },
    {
      "range": {
        "start": {
          "line": 25,
          "character": 7
        },
        "end": {
          "line": 25,
          "character": 8
        }
      },
      "severity": 1,
      "code": "type-check",
      "source": "wat",
      "message": "expected types [i32, i32], found [i32, i32, i32] at the end"
    }
  ]
}
