---
source: crates/formatter/tests/parser.rs
---
(module
  (func $f1
    (local.get $)))
