---
source: crates/service/tests/completion/memory.rs
expression: response
---
[
  {
    "label": "$memory",
    "kind": 6
  }
]
