---
source: crates/service/tests/completion/tag.rs
expression: response
---
[
  {
    "label": "0",
    "labelDetails": {
      "description": "[]"
    },
    "kind": 6,
    "detail": "(tag)"
  },
  {
    "label": "$e",
    "labelDetails": {
      "description": "[]"
    },
    "kind": 6,
    "detail": "(tag $e)"
  }
]
