---
source: crates/service/tests/completion/ty_decl.rs
expression: response
---
[
  {
    "label": "type",
    "kind": 14
  }
]
