---
source: crates/service/tests/code_action/if_br_to_br_if.rs
expression: response
---
[
  {
    "title": "Convert `if` with `br` to `br_if`",
    "kind": "refactor.rewrite",
    "edit": {
      "changes": {
        "untitled:test": [
          {
            "range": {
              "start": {
                "line": 3,
                "character": 4
              },
              "end": {
                "line": 5,
                "character": 7
              }
            },
            "newText": "br_if 0"
          }
        ]
      }
    }
  }
]
