---
source: crates/service/tests/references/mem.rs
expression: exclude_decl
---
[
  {
    "uri": "untitled:test",
    "range": {
      "start": {
        "line": 3,
        "character": 23
      },
      "end": {
        "line": 3,
        "character": 24
      }
    }
  },
  {
    "uri": "untitled:test",
    "range": {
      "start": {
        "line": 4,
        "character": 18
      },
      "end": {
        "line": 4,
        "character": 19
      }
    }
  },
  {
    "uri": "untitled:test",
    "range": {
      "start": {
        "line": 6,
        "character": 8
      },
      "end": {
        "line": 6,
        "character": 19
      }
    }
  },
  {
    "uri": "untitled:test",
    "range": {
      "start": {
        "line": 7,
        "character": 21
      },
      "end": {
        "line": 7,
        "character": 22
      }
    }
  },
  {
    "uri": "untitled:test",
    "range": {
      "start": {
        "line": 8,
        "character": 21
      },
      "end": {
        "line": 8,
        "character": 22
      }
    }
  },
  {
    "uri": "untitled:test",
    "range": {
      "start": {
        "line": 9,
        "character": 21
      },
      "end": {
        "line": 9,
        "character": 22
      }
    }
  },
  {
    "uri": "untitled:test",
    "range": {
      "start": {
        "line": 10,
        "character": 21
      },
      "end": {
        "line": 10,
        "character": 22
      }
    }
  },
  {
    "uri": "untitled:test",
    "range": {
      "start": {
        "line": 11,
        "character": 21
      },
      "end": {
        "line": 11,
        "character": 22
      }
    }
  }
]
