---
source: crates/service/tests/references/table.rs
expression: include_decl
---
[
  {
    "uri": "untitled:test",
    "range": {
      "start": {
        "line": 2,
        "character": 9
      },
      "end": {
        "line": 2,
        "character": 15
      }
    }
  },
  {
    "uri": "untitled:test",
    "range": {
      "start": {
        "line": 4,
        "character": 16
      },
      "end": {
        "line": 4,
        "character": 22
      }
    }
  },
  {
    "uri": "untitled:test",
    "range": {
      "start": {
        "line": 5,
        "character": 19
      },
      "end": {
        "line": 5,
        "character": 25
      }
    }
  }
]
