---
source: crates/service/tests/references/mod.rs
expression: def_b
---
[
  {
    "uri": "untitled:test",
    "range": {
      "start": {
        "line": 4,
        "character": 13
      },
      "end": {
        "line": 4,
        "character": 15
      }
    }
  },
  {
    "uri": "untitled:test",
    "range": {
      "start": {
        "line": 5,
        "character": 17
      },
      "end": {
        "line": 5,
        "character": 18
      }
    }
  }
]
