---
source: crates/service/tests/inlay_hint/mod.rs
expression: response
---
[
  {
    "position": {
      "line": 3,
      "character": 11
    },
    "label": "(if $b)",
    "paddingLeft": true
  }
]
