---
source: crates/service/tests/definition/goto_definition.rs
expression: response
---
{
  "uri": "untitled:test",
  "range": {
    "start": {
      "line": 2,
      "character": 24
    },
    "end": {
      "line": 2,
      "character": 29
    }
  }
}
