---
source: crates/formatter/tests/fmt.rs
---
(;comment;)
(; comment;)
(;comment ;)
;;comment

(; comment ;)
;; comment
