---
source: crates/service/tests/diagnostics/typeck/func.rs
expression: response
---
{
  "kind": "full",
  "items": [
    {
      "range": {
        "start": {
          "line": 4,
          "character": 19
        },
        "end": {
          "line": 4,
          "character": 20
        }
      },
      "severity": 1,
      "code": "type-check",
      "source": "wat",
      "message": "expected types [i32, f32], found [i32, i32] at the end",
      "relatedInformation": [
        {
          "location": {
            "uri": "untitled:test",
            "range": {
              "start": {
                "line": 4,
                "character": 8
              },
              "end": {
                "line": 4,
                "character": 19
              }
            }
          },
          "message": "expected type `f32`, found `i32`"
        }
      ]
    },
    {
      "range": {
        "start": {
          "line": 9,
          "character": 8
        },
        "end": {
          "line": 9,
          "character": 15
        }
      },
      "severity": 1,
      "code": "type-check",
      "source": "wat",
      "message": "expected types [i32, i32], found [i32, f32]",
      "relatedInformation": [
        {
          "location": {
            "uri": "untitled:test",
            "range": {
              "start": {
                "line": 8,
                "character": 8
              },
              "end": {
                "line": 8,
                "character": 18
              }
            }
          },
          "message": "expected type `i32`, found `f32`"
        }
      ]
    }
  ]
}
