---
source: crates/service/tests/diagnostics/typeck/block.rs
expression: response
---
{
  "kind": "full",
  "items": [
    {
      "range": {
        "start": {
          "line": 4,
          "character": 6
        },
        "end": {
          "line": 6,
          "character": 22
        }
      },
      "severity": 1,
      "code": "type-check",
      "source": "wat",
      "message": "expected types [i32, i32], found [i32, f32]",
      "relatedInformation": [
        {
          "location": {
            "uri": "untitled:test",
            "range": {
              "start": {
                "line": 6,
                "character": 8
              },
              "end": {
                "line": 6,
                "character": 21
              }
            }
          },
          "message": "expected type `i32`, found `f32`"
        }
      ]
    }
  ]
}
